// Jest Snapshot v1, https://goo.gl/fbAQLP

exports[`QuoterV2 quotes #quoteExactInput 0 -> 2 -> 1 1`] = `264884`;

exports[`QuoterV2 quotes #quoteExactInput 0 -> 2 cross 0 tick, starting tick initialized 1`] = `144461`;

exports[`QuoterV2 quotes #quoteExactInput 0 -> 2 cross 0 tick, starting tick not initialized 1`] = `118293`;

exports[`QuoterV2 quotes #quoteExactInput 0 -> 2 cross 1 tick 1`] = `152756`;

exports[`QuoterV2 quotes #quoteExactInput 0 -> 2 cross 2 tick 1`] = `180642`;

exports[`QuoterV2 quotes #quoteExactInput 0 -> 2 cross 2 tick where after is initialized 1`] = `152756`;

exports[`QuoterV2 quotes #quoteExactInput 2 -> 0 cross 0 tick, starting tick initialized 1`] = `107728`;

exports[`QuoterV2 quotes #quoteExactInput 2 -> 0 cross 0 tick, starting tick not initialized 1`] = `107728`;

exports[`QuoterV2 quotes #quoteExactInput 2 -> 0 cross 2 1`] = `170017`;

exports[`QuoterV2 quotes #quoteExactInput 2 -> 0 cross 2 where tick after is initialized 1`] = `170017`;

exports[`QuoterV2 quotes #quoteExactInput 2 -> 1 1`] = `107494`;

exports[`QuoterV2 quotes #quoteExactInputSingle 0 -> 2 1`] = `180696`;

exports[`QuoterV2 quotes #quoteExactInputSingle 2 -> 0 1`] = `170071`;

exports[`QuoterV2 quotes #quoteExactOutput 0 -> 2 -> 1 1`] = `265068`;

exports[`QuoterV2 quotes #quoteExactOutput 0 -> 2 cross 0 tick starting tick initialized 1`] = `144163`;

exports[`QuoterV2 quotes #quoteExactOutput 0 -> 2 cross 0 tick starting tick not initialized 1`] = `118007`;

exports[`QuoterV2 quotes #quoteExactOutput 0 -> 2 cross 1 tick 1`] = `152398`;

exports[`QuoterV2 quotes #quoteExactOutput 0 -> 2 cross 2 tick 1`] = `180236`;

exports[`QuoterV2 quotes #quoteExactOutput 0 -> 2 cross 2 where tick after is initialized 1`] = `152398`;

exports[`QuoterV2 quotes #quoteExactOutput 2 -> 0 cross 1 tick 1`] = `142445`;

exports[`QuoterV2 quotes #quoteExactOutput 2 -> 0 cross 2 ticks 1`] = `170043`;

exports[`QuoterV2 quotes #quoteExactOutput 2 -> 0 cross 2 where tick after is initialized 1`] = `170043`;

exports[`QuoterV2 quotes #quoteExactOutput 2 -> 1 1`] = `108066`;

exports[`QuoterV2 quotes #quoteExactOutputSingle 0 -> 1 1`] = `119372`;

exports[`QuoterV2 quotes #quoteExactOutputSingle 1 -> 0 1`] = `109227`;
